<ViewCodeChallenge_RealEstate.DividerView; frame = (0 0; 434 1); layer = <CALayer>>